phase-create-current 707367185 707367185
phase-first-seen 881105481 173738296
phase-last-seen 1064276230 183170749
phase-base-feed 1247489957 183213727
phase-history 1474782569 227292612
phase-aggregate 1509331503 34548934
phase-join-direct 1639161917 129830414
phase-join-membership 1760037123 120875206
phase-publish 2078432913 318395790
phase-total 2123309123 44876210
phase-create-current 678406275 678406275
phase-first-seen 857186230 178779955
phase-last-seen 1033013858 175827628
phase-base-feed 1212533512 179519654
phase-history 1430243348 217709836
phase-aggregate 1463818108 33574760
phase-join-direct 1592156498 128338390
phase-join-membership 1714844487 122687989
phase-publish 2026274536 311430049
phase-total 2074911302 48636766
phase-create-current 687409596 687409596
phase-first-seen 867764936 180355340
phase-last-seen 1041701591 173936655
phase-base-feed 1229476870 187775279
phase-history 1454822510 225345640
phase-aggregate 1487620428 32797918
phase-join-direct 1617687045 130066617
phase-join-membership 1737151632 119464587
phase-publish 2049437438 312285806
phase-total 2094122505 44685067
phase-create-current 737967228 737967228
phase-first-seen 912879500 174912272
phase-last-seen 1086718668 173839168
phase-base-feed 1280436314 193717646
phase-history 1501028555 220592241
phase-aggregate 1533200363 32171808
phase-join-direct 1664572609 131372246
phase-join-membership 1785813899 121241290
phase-publish 2097552308 311738409
phase-total 2142540046 44987738
phase-create-current 721226197 721226197
phase-first-seen 905236922 184010725
phase-last-seen 1080464316 175227394
phase-base-feed 1270300242 189835926
phase-history 1483078086 212777844
phase-aggregate 1515017469 31939383
phase-join-direct 1643719364 128701895
phase-join-membership 1766625236 122905872
phase-publish 2082803983 316178747
phase-total 2127560751 44756768
phase-create-current 710545726 710545726
phase-first-seen 892989768 182444042
phase-last-seen 1067181091 174191323
phase-base-feed 1251215854 184034763
phase-history 1467667169 216451315
phase-aggregate 1500378326 32711157
phase-join-direct 1630709923 130331597
phase-join-membership 1751873190 121163267
phase-publish 2066368573 314495383
phase-total 2111052671 44684098
