phase-create-current 732501096 732501096
phase-first-seen 919565659 187064563
phase-last-seen 1116956607 197390948
phase-base-feed 1328024636 211068029
phase-history 1557105148 229080512
phase-aggregate 1590280359 33175211
phase-join-direct 1723498250 133217891
phase-join-membership 1847823493 124325243
phase-publish 2154776359 306952866
phase-total 2199469228 44692869
phase-create-current 688213022 688213022
phase-first-seen 859609076 171396054
phase-last-seen 1038922403 179313327
phase-base-feed 1222699855 183777452
phase-history 1442686231 219986376
phase-aggregate 1475053365 32367134
phase-join-direct 1603652877 128599512
phase-join-membership 1723421480 119768603
phase-publish 2037253067 313831587
phase-total 2082205909 44952842
phase-create-current 689310905 689310905
phase-first-seen 866006198 176695293
phase-last-seen 1042347707 176341509
phase-base-feed 1222263831 179916124
phase-history 1439612462 217348631
phase-aggregate 1474205936 34593474
phase-join-direct 1601678998 127473062
phase-join-membership 1720144789 118465791
phase-publish 2033496412 313351623
phase-total 2078252189 44755777
phase-create-current 731990825 731990825
phase-first-seen 903004869 171014044
phase-last-seen 1081797416 178792547
phase-base-feed 1264652558 182855142
phase-history 1485794981 221142423
phase-aggregate 1518148627 32353646
phase-join-direct 1648688437 130539810
phase-join-membership 1771269105 122580668
phase-publish 2087833203 316564098
phase-total 2139442680 51609477
phase-create-current 725044706 725044706
phase-first-seen 914748453 189703747
phase-last-seen 1090364782 175616329
phase-base-feed 1274717825 184353043
phase-history 1487882774 213164949
phase-aggregate 1519997151 32114377
phase-join-direct 1649889589 129892438
phase-join-membership 1771191417 121301828
phase-publish 2082458278 311266861
phase-total 2127439596 44981318
phase-create-current 684469404 684469404
phase-first-seen 865996543 181527139
phase-last-seen 1042145514 176148971
phase-base-feed 1236555103 194409589
phase-history 1451960696 215405593
phase-aggregate 1484352662 32391966
phase-join-direct 1614227377 129874715
phase-join-membership 1733926266 119698889
phase-publish 2052167916 318241650
phase-total 2096788981 44621065
phase-create-current 700877054 700877054
phase-first-seen 876735826 175858772
phase-last-seen 1053369062 176633236
phase-base-feed 1237152103 183783041
phase-history 1457462670 220310567
phase-aggregate 1489560994 32098324
phase-join-direct 1618957800 129396806
phase-join-membership 1741585913 122628113
phase-publish 2062726307 321140394
phase-total 2110441844 47715537
