phase-create-current 333638940 333638940
phase-first-seen 415838406 82199466
phase-last-seen 500296832 84458426
phase-base-feed 586205864 85909032
phase-history 692270435 106064571
phase-aggregate 710607119 18336684
phase-join-direct 796250126 85643007
phase-join-membership 877388559 81138433
phase-publish 1084532702 207144143
phase-total 1094230438 9697736
phase-create-current 332804317 332804317
phase-first-seen 416721047 83916730
phase-last-seen 501913183 85192136
phase-base-feed 586271376 84358193
phase-history 696070937 109799561
phase-aggregate 714952540 18881603
phase-join-direct 790132338 75179798
phase-join-membership 875296229 85163891
phase-publish 1088136982 212840753
phase-total 1098273455 10136473
phase-create-current 327902038 327902038
phase-first-seen 412833875 84931837
phase-last-seen 497214314 84380439
phase-base-feed 586145727 88931413
phase-history 689381638 103235911
phase-aggregate 708256065 18874427
phase-join-direct 784550036 76293971
phase-join-membership 864890527 80340491
phase-publish 1070198724 205308197
phase-total 1079774270 9575546
phase-create-current 345550754 345550754
phase-first-seen 432342145 86791391
phase-last-seen 516289131 83946986
phase-base-feed 604580402 88291271
phase-history 707861293 103280891
phase-aggregate 726972631 19111338
phase-join-direct 801427720 74455089
phase-join-membership 880387115 78959395
phase-publish 1085564017 205176902
phase-total 1097142415 11578398
phase-create-current 335308466 335308466
phase-first-seen 419832056 84523590
phase-last-seen 511993579 92161523
phase-base-feed 598658668 86665089
phase-history 714738957 116080289
phase-aggregate 733429973 18691016
phase-join-direct 812749334 79319361
phase-join-membership 893966805 81217471
phase-publish 1104691921 210725116
phase-total 1114328371 9636450
phase-create-current 343665538 343665538
phase-first-seen 427272276 83606738
phase-last-seen 514130973 86858697
phase-base-feed 598770126 84639153
phase-history 700449873 101679747
phase-aggregate 719281337 18831464
phase-join-direct 796074323 76792986
phase-join-membership 876711476 80637153
phase-publish 1084729174 208017698
phase-total 1094229154 9499980
phase-create-current 325804965 325804965
phase-first-seen 411945638 86140673
phase-last-seen 496234830 84289192
phase-base-feed 579663572 83428742
phase-history 683299218 103635646
phase-aggregate 701264914 17965696
phase-join-direct 778537911 77272997
phase-join-membership 859604597 81066686
phase-publish 1076789626 217185029
phase-total 1086595356 9805730
